// Jest Snapshot v1, https://goo.gl/fbAQLP

exports[`Generate Footer 1`] = `
<footer
  className="css-c015yt-Footer"
>
  <div
    className="css-1yrmf69"
  >
    <span
      className="css-vurnku"
    >
      © 
      1900
       - 
      2021
       
      John Doe
      .
      <span
        className="css-j7wx2a-Footer"
      >
        Logo here
        Jest
         est propulsé par
         
        <a
          href="https://www.gatsbyjs.com/"
        >
          Gatsby
        </a>
         et
         
        <a
          href="https://www.netlify.com/"
        >
          Netlify
        </a>
        .
      </span>
    </span>
  </div>
</footer>
`;
